[
    {
        "type": "OwowAgency\\LaravelNotifications\\Tests\\Support\\Notifications\\Notification",
        "data": {
            "message": "Hello 1"
        },
        "read_at": null,
        "created_at": "2020-09-23T14:22:47.000000Z"
    },
    {
        "type": "OwowAgency\\LaravelNotifications\\Tests\\Support\\Notifications\\Notification",
        "data": {
            "message": "Hello 2"
        },
        "read_at": null,
        "created_at": "2020-09-23T14:22:47.000000Z"
    },
    {
        "type": "OwowAgency\\LaravelNotifications\\Tests\\Support\\Notifications\\Notification",
        "data": {
            "message": "Hello 3"
        },
        "read_at": null,
        "created_at": "2020-09-23T14:22:47.000000Z"
    }
]
