{
    "current_page": 1,
    "data": [
        {
            "id": "520fd576-01a0-4946-a2bc-90b9954ebb9b",
            "type": "OwowAgency\\LaravelNotifications\\Tests\\Support\\Notifications\\Notification",
            "data": {
                "message": "Hello notifiable! #5"
            },
            "read_at": "2020-09-24 11:45:03",
            "created_at": "2020-09-24T11:44:03.000000Z"
        },
        {
            "id": "fd9d8764-ae37-46a8-bd67-d4c1564feb73",
            "type": "OwowAgency\\LaravelNotifications\\Tests\\Support\\Notifications\\Notification",
            "data": {
                "message": "Hello user! #5"
            },
            "read_at": "2020-09-24 11:45:03",
            "created_at": "2020-09-24T11:44:03.000000Z"
        },
        {
            "id": "dfa61600-b2e7-41e7-9508-85b922f99a82",
            "type": "OwowAgency\\LaravelNotifications\\Tests\\Support\\Notifications\\Notification",
            "data": {
                "message": "Hello notifiable! #4"
            },
            "read_at": "2020-09-24 11:45:03",
            "created_at": "2020-09-24T11:43:03.000000Z"
        },
        {
            "id": "ed010175-a6eb-4284-be64-6f354f388472",
            "type": "OwowAgency\\LaravelNotifications\\Tests\\Support\\Notifications\\Notification",
            "data": {
                "message": "Hello user! #4"
            },
            "read_at": null,
            "created_at": "2020-09-24T11:43:03.000000Z"
        },
        {
            "id": "34feb901-a758-4103-903a-56c53b875706",
            "type": "OwowAgency\\LaravelNotifications\\Tests\\Support\\Notifications\\Notification",
            "data": {
                "message": "Hello user! #3"
            },
            "read_at": null,
            "created_at": "2020-09-24T11:42:03.000000Z"
        },
        {
            "id": "3f7f1dd5-f95c-4cd5-9e94-d868e3bc7343",
            "type": "OwowAgency\\LaravelNotifications\\Tests\\Support\\Notifications\\Notification",
            "data": {
                "message": "Hello notifiable! #3"
            },
            "read_at": null,
            "created_at": "2020-09-24T11:42:03.000000Z"
        },
        {
            "id": "dc5b8ea2-4be3-48ed-8457-8d52812dbbb9",
            "type": "OwowAgency\\LaravelNotifications\\Tests\\Support\\Notifications\\Notification",
            "data": {
                "message": "Hello user! #2"
            },
            "read_at": null,
            "created_at": "2020-09-24T11:41:03.000000Z"
        },
        {
            "id": "dd72bc26-dbb0-4e44-b7cd-c2d813c7270f",
            "type": "OwowAgency\\LaravelNotifications\\Tests\\Support\\Notifications\\Notification",
            "data": {
                "message": "Hello notifiable! #2"
            },
            "read_at": null,
            "created_at": "2020-09-24T11:41:03.000000Z"
        },
        {
            "id": "7bb9eee9-83bd-44a5-8b85-aea5bd7aa5a8",
            "type": "OwowAgency\\LaravelNotifications\\Tests\\Support\\Notifications\\Notification",
            "data": {
                "message": "Hello user! #1"
            },
            "read_at": null,
            "created_at": "2020-09-24T11:40:03.000000Z"
        },
        {
            "id": "de6df4ec-fcd7-4df8-9cd6-73354bdf34f6",
            "type": "OwowAgency\\LaravelNotifications\\Tests\\Support\\Notifications\\Notification",
            "data": {
                "message": "Hello notifiable! #1"
            },
            "read_at": null,
            "created_at": "2020-09-24T11:40:03.000000Z"
        }
    ],
    "first_page_url": "http:\/\/localhost?page=1",
    "from": 1,
    "next_page_url": null,
    "path": "http:\/\/localhost",
    "per_page": 15,
    "prev_page_url": null,
    "to": 10
}
