{
    "current_page": 1,
    "data": [
        {
            "id": "12624115-16f3-4e7f-bf7c-0f0d92fe3a6e",
            "type": "OwowAgency\\LaravelNotifications\\Tests\\Support\\Notifications\\Notification",
            "data": {
                "message": "Hello notifiable! #5"
            },
            "read_at": "2020-09-24 11:44:32",
            "created_at": "2020-09-24T11:43:32.000000Z"
        },
        {
            "id": "91b95c04-acfe-4c8a-a12e-251206fb4acf",
            "type": "OwowAgency\\LaravelNotifications\\Tests\\Support\\Notifications\\Notification",
            "data": {
                "message": "Hello user! #5"
            },
            "read_at": "2020-09-24 11:44:32",
            "created_at": "2020-09-24T11:43:32.000000Z"
        },
        {
            "id": "0a00fdf4-f8d4-4571-aefb-ffae5e6466c3",
            "type": "OwowAgency\\LaravelNotifications\\Tests\\Support\\Notifications\\Notification",
            "data": {
                "message": "Hello user! #4"
            },
            "read_at": null,
            "created_at": "2020-09-24T11:42:32.000000Z"
        },
        {
            "id": "281529b4-f105-438f-864b-9bcdcf4c1ea5",
            "type": "OwowAgency\\LaravelNotifications\\Tests\\Support\\Notifications\\Notification",
            "data": {
                "message": "Hello notifiable! #4"
            },
            "read_at": "2020-09-24 11:44:32",
            "created_at": "2020-09-24T11:42:32.000000Z"
        },
        {
            "id": "2a427ead-7048-4ac5-ba2a-d2bce87b429c",
            "type": "OwowAgency\\LaravelNotifications\\Tests\\Support\\Notifications\\Notification",
            "data": {
                "message": "Hello user! #3"
            },
            "read_at": null,
            "created_at": "2020-09-24T11:41:32.000000Z"
        },
        {
            "id": "de856217-8f1a-4ca5-a527-70aa2c5d075f",
            "type": "OwowAgency\\LaravelNotifications\\Tests\\Support\\Notifications\\Notification",
            "data": {
                "message": "Hello notifiable! #3"
            },
            "read_at": null,
            "created_at": "2020-09-24T11:41:32.000000Z"
        },
        {
            "id": "947f70af-9305-4698-af3c-aa8faca0ac6c",
            "type": "OwowAgency\\LaravelNotifications\\Tests\\Support\\Notifications\\Notification",
            "data": {
                "message": "Hello notifiable! #2"
            },
            "read_at": null,
            "created_at": "2020-09-24T11:40:32.000000Z"
        },
        {
            "id": "f8ac0121-7881-4296-9195-f916446f2e83",
            "type": "OwowAgency\\LaravelNotifications\\Tests\\Support\\Notifications\\Notification",
            "data": {
                "message": "Hello user! #2"
            },
            "read_at": null,
            "created_at": "2020-09-24T11:40:32.000000Z"
        },
        {
            "id": "419f08e1-9508-40bf-9da1-851593682311",
            "type": "OwowAgency\\LaravelNotifications\\Tests\\Support\\Notifications\\Notification",
            "data": {
                "message": "Hello notifiable! #1"
            },
            "read_at": null,
            "created_at": "2020-09-24T11:39:32.000000Z"
        },
        {
            "id": "44aa1adb-7d60-4056-a763-2626826ee6d7",
            "type": "OwowAgency\\LaravelNotifications\\Tests\\Support\\Notifications\\Notification",
            "data": {
                "message": "Hello user! #1"
            },
            "read_at": null,
            "created_at": "2020-09-24T11:39:32.000000Z"
        }
    ],
    "first_page_url": "http:\/\/localhost\/notifications?page=1",
    "from": 1,
    "next_page_url": null,
    "path": "http:\/\/localhost\/notifications",
    "per_page": 15,
    "prev_page_url": null,
    "to": 10
}
