{
    "current_page": 1,
    "data": [
        {
            "id": "99e108e0-5670-4fb2-ac5a-ffb5bc0905cc",
            "type": "OwowAgency\\LaravelNotifications\\Tests\\Support\\Notifications\\Notification",
            "data": {
                "message": "Hello user! #5"
            },
            "read_at": "2020-09-24 08:37:18",
            "created_at": "2020-09-24T08:36:18.000000Z"
        },
        {
            "id": "c31f0e27-59fd-4b7e-bb9d-b32c33c835b8",
            "type": "OwowAgency\\LaravelNotifications\\Tests\\Support\\Notifications\\Notification",
            "data": {
                "message": "Hello user! #4"
            },
            "read_at": "2020-09-24 08:37:18",
            "created_at": "2020-09-24T08:35:18.000000Z"
        },
        {
            "id": "6dc6a1ac-8631-428f-a263-0e166b0db8e7",
            "type": "OwowAgency\\LaravelNotifications\\Tests\\Support\\Notifications\\Notification",
            "data": {
                "message": "Hello user! #3"
            },
            "read_at": null,
            "created_at": "2020-09-24T08:34:18.000000Z"
        },
        {
            "id": "be1bf63f-8cda-4a8e-8c29-14a0ef7f9240",
            "type": "OwowAgency\\LaravelNotifications\\Tests\\Support\\Notifications\\Notification",
            "data": {
                "message": "Hello user! #2"
            },
            "read_at": null,
            "created_at": "2020-09-24T08:33:18.000000Z"
        },
        {
            "id": "87882579-dd3c-4ea1-b3fd-6d5c7d480caf",
            "type": "OwowAgency\\LaravelNotifications\\Tests\\Support\\Notifications\\Notification",
            "data": {
                "message": "Hello user! #1"
            },
            "read_at": null,
            "created_at": "2020-09-24T08:32:18.000000Z"
        }
    ],
    "first_page_url": "http:\/\/localhost\/players\/1\/notifications?page=1",
    "from": 1,
    "next_page_url": null,
    "path": "http:\/\/localhost\/players\/1\/notifications",
    "per_page": 15,
    "prev_page_url": null,
    "to": 5
}
