{
    "current_page": 1,
    "data": [
        {
            "id": "3d32c170-1f08-4af9-9649-2398c3a2b476",
            "type": "OwowAgency\\LaravelNotifications\\Tests\\Support\\Notifications\\Notification",
            "data": {
                "message": "Hello notifiable! #5"
            },
            "read_at": "2020-09-29T09:19:44.000000Z",
            "created_at": "2020-09-29T09:18:44.000000Z"
        },
        {
            "id": "5949175f-7b9d-4961-b5d5-0e7cc396f6a9",
            "type": "OwowAgency\\LaravelNotifications\\Tests\\Support\\Notifications\\Notification",
            "data": {
                "message": "Hello notifiable! #4"
            },
            "read_at": "2020-09-29T09:19:44.000000Z",
            "created_at": "2020-09-29T09:16:44.000000Z"
        },
        {
            "id": "2c9fee93-4b35-41b3-abb2-4545d4fd3063",
            "type": "OwowAgency\\LaravelNotifications\\Tests\\Support\\Notifications\\Notification",
            "data": {
                "message": "Hello notifiable! #3"
            },
            "read_at": null,
            "created_at": "2020-09-29T09:14:44.000000Z"
        },
        {
            "id": "d628c8f1-d27d-4ae1-ae46-d03d1005e515",
            "type": "OwowAgency\\LaravelNotifications\\Tests\\Support\\Notifications\\Notification",
            "data": {
                "message": "Hello notifiable! #2"
            },
            "read_at": null,
            "created_at": "2020-09-29T09:12:44.000000Z"
        },
        {
            "id": "e6e1314c-a1c8-4937-9bfe-dedadbf2ed0e",
            "type": "OwowAgency\\LaravelNotifications\\Tests\\Support\\Notifications\\Notification",
            "data": {
                "message": "Hello notifiable! #1"
            },
            "read_at": null,
            "created_at": "2020-09-29T09:10:44.000000Z"
        }
    ],
    "first_page_url": "http:\/\/localhost\/notifiables\/1\/notifications?page=1",
    "from": 1,
    "next_page_url": null,
    "path": "http:\/\/localhost\/notifiables\/1\/notifications",
    "per_page": 15,
    "prev_page_url": null,
    "to": 5
}
