{
    "current_page": 1,
    "data": [
        {
            "id": "6142028c-564e-42fa-9abd-66f0b031d69c",
            "type": "OwowAgency\\LaravelNotifications\\Tests\\Support\\Notifications\\Notification",
            "data": {
                "message": "Hello user! #5"
            },
            "read_at": "2020-09-24 11:47:31",
            "created_at": "2020-09-24T11:46:31.000000Z"
        },
        {
            "id": "1e66f969-712e-413f-84c2-d6e0316adb1d",
            "type": "OwowAgency\\LaravelNotifications\\Tests\\Support\\Notifications\\Notification",
            "data": {
                "message": "Hello user! #4"
            },
            "read_at": null,
            "created_at": "2020-09-24T11:45:31.000000Z"
        },
        {
            "id": "368f920a-13fb-4c17-ab1e-e5c5cfb360ed",
            "type": "OwowAgency\\LaravelNotifications\\Tests\\Support\\Notifications\\Notification",
            "data": {
                "message": "Hello user! #3"
            },
            "read_at": null,
            "created_at": "2020-09-24T11:44:31.000000Z"
        },
        {
            "id": "19006fa3-8e2f-41d6-81bb-d677b5a564c4",
            "type": "OwowAgency\\LaravelNotifications\\Tests\\Support\\Notifications\\Notification",
            "data": {
                "message": "Hello user! #2"
            },
            "read_at": null,
            "created_at": "2020-09-24T11:43:31.000000Z"
        },
        {
            "id": "5386eeb5-c180-4af2-b540-549a18861977",
            "type": "OwowAgency\\LaravelNotifications\\Tests\\Support\\Notifications\\Notification",
            "data": {
                "message": "Hello user! #1"
            },
            "read_at": null,
            "created_at": "2020-09-24T11:42:31.000000Z"
        }
    ],
    "first_page_url": "http:\/\/localhost\/users\/1\/notifications?page=1",
    "from": 1,
    "next_page_url": null,
    "path": "http:\/\/localhost\/users\/1\/notifications",
    "per_page": 15,
    "prev_page_url": null,
    "to": 5
}
