{
    "current_page": 1,
    "data": [
        {
            "id": "65a0a976-275a-48a9-8e1b-1c01c6e9986d",
            "type": "OwowAgency\\LaravelNotifications\\Tests\\Support\\Notifications\\Notification",
            "data": {
                "message": "Hello user! #5"
            },
            "read_at": "2020-09-29T09:19:45.000000Z",
            "created_at": "2020-09-29T09:17:45.000000Z"
        },
        {
            "id": "f9ed31fc-c76e-47d6-867e-aa4d5d119c18",
            "type": "OwowAgency\\LaravelNotifications\\Tests\\Support\\Notifications\\Notification",
            "data": {
                "message": "Hello user! #4"
            },
            "read_at": null,
            "created_at": "2020-09-29T09:15:45.000000Z"
        },
        {
            "id": "b69edd47-41dc-4b88-ba47-a21c2cdbce45",
            "type": "OwowAgency\\LaravelNotifications\\Tests\\Support\\Notifications\\Notification",
            "data": {
                "message": "Hello user! #3"
            },
            "read_at": null,
            "created_at": "2020-09-29T09:13:45.000000Z"
        },
        {
            "id": "597c3dfe-1e22-411e-89d8-50793761e72b",
            "type": "OwowAgency\\LaravelNotifications\\Tests\\Support\\Notifications\\Notification",
            "data": {
                "message": "Hello user! #2"
            },
            "read_at": null,
            "created_at": "2020-09-29T09:11:45.000000Z"
        },
        {
            "id": "7dec8615-d6da-4608-8084-b42c1677686a",
            "type": "OwowAgency\\LaravelNotifications\\Tests\\Support\\Notifications\\Notification",
            "data": {
                "message": "Hello user! #1"
            },
            "read_at": null,
            "created_at": "2020-09-29T09:09:45.000000Z"
        }
    ],
    "first_page_url": "http:\/\/localhost\/1\/notifications?page=1",
    "from": 1,
    "next_page_url": null,
    "path": "http:\/\/localhost\/1\/notifications",
    "per_page": 15,
    "prev_page_url": null,
    "to": 5
}
